I Check configuration tokens
Unknown command/target android
